<html>
<body>
<pre>
<h1>礦ision Build Log</h1>
<h2>Tool Versions:</h2>
IDE-Version: μVision V5.22.0.0
Copyright (C) 2016 ARM Ltd and ARM Germany GmbH. All rights reserved.
License Information: cs cs, cs, LIC=HN0AE-55FRZ-638MB-2LCX4-51IV6-RHPQV
 
Tool Versions:
Toolchain:       MDK-ARM Plus  Version: 5.22
Toolchain Path:  D:\Program Files\ARM\ARMCC\Bin
C Compiler:      Armcc.exe V5.06 update 4 (build 422)
Assembler:       Armasm.exe V5.06 update 4 (build 422)
Linker/Locator:  ArmLink.exe V5.06 update 4 (build 422)
Library Manager: ArmAr.exe V5.06 update 4 (build 422)
Hex Converter:   FromElf.exe V5.06 update 4 (build 422)
CPU DLL:         SARMCM3.DLL V5.22
Dialog DLL:      DCM.DLL V1.13.9.0
Target DLL:      STLink\ST-LINKIII-KEIL_SWO.dll V2.0.18.0
Dialog DLL:      TCM.DLL V1.21.0.0
 
<h2>Project:</h2>
D:\下载\基于FreeRTOS+STemWin+FatFS+ARM_DSP_Lib二代示波器\基于FreeRTOS+STemWin+FatFS+ARM_DSP_Lib二代示波器Demo\Project\MDK-ARM(uV4)\project.uvproj
Project File Date:  02/09/2018

<h2>Output:</h2>
*** Using Compiler 'V5.06 update 4 (build 422)', folder: 'D:\Program Files\ARM\ARMCC\Bin'
Rebuild target 'Flash'
compiling bsp_led.c...
compiling app_user_lib.c...
compiling SysInfoTest.c...
compiling bsp_key.c...
compiling bsp.c...
compiling bsp_dwt.c...
compiling bsp_adc.c...
compiling main.c...
compiling bsp_ext_io.c...
compiling stm32f4xx_it.c...
compiling bsp_sdio_sd.c...
compiling bsp_adc_dso.c...
compiling bsp_dac_wave.c...
compiling bsp_uart_fifo.c...
assembling startup_stm32f429_439xx.s...
compiling stm32f4xx_assert.c...
compiling bsp_i2c_gpio.c...
compiling bsp_fmc_sdram.c...
compiling bsp_tim_pwm.c...
compiling bsp_eeprom_24xx.c...
compiling misc.c...
compiling stm32f4xx_syscfg.c...
compiling stm32f4xx_gpio.c...
compiling stm32f4xx_usart.c...
compiling stm32f4xx_fmc.c...
compiling stm32f4xx_rcc.c...
compiling stm32f4xx_tim.c...
compiling stm32f4xx_dma.c...
compiling stm32f4xx_dma2d.c...
compiling stm32f4xx_exti.c...
compiling stm32f4xx_ltdc.c...
compiling stm32f4xx_sdio.c...
compiling stm32f4xx_pwr.c...
compiling stm32f4xx_sai.c...
compiling asc12.c...
compiling stm32f4xx_rtc.c...
compiling asc16.c...
compiling stm32f4xx_adc.c...
compiling stm32f4xx_dac.c...
compiling hz16.c...
compiling hz12.c...
compiling hz24.c...
compiling system_stm32f4xx.c...
compiling hz32.c...
compiling ra8875_asc_width.c...
compiling song16.c...
compiling NI7SEG90.c...
compiling param.c...
compiling bsp_tft_lcd.c...
compiling bsp_tft_429.c...
compiling GUI_X_FreeRTOS.c...
compiling bsp_gt811.c...
compiling bsp_ts_ft5x06.c...
compiling bsp_touch.c...
compiling TOUCH_STMPE811.c...
compiling GUIConf.c...
compiling LCDConf_Lin_Template.c...
compiling MainTask.c...
compiling DSO_DrawBakFrame.c...
compiling DSO_Init.c...
compiling DSO_DrawCursorH.c...
compiling DSO_DrawCursorV.c...
compiling DSO_AmplitudeDlg.c...
compiling DSO_Status1Dlg.c...
compiling DSO_SysInfoDlg.c...
compiling DSO_ScaleDlg.c...
compiling DSO_Status2Dlg.c...
compiling DSO_AdcDlg.c...
compiling DSO_MeasureDlg.c...
compiling DSO_DacDlg.c...
compiling DSO_MathDlg.c...
compiling Return.c...
compiling DSO_SettingDlg.c...
compiling Settings.c...
compiling DSO_MultiMeter.c...
compiling DSO_FirFilter_Step10KHz.c...
compiling croutine.c...
compiling DSO_FirFilter_Step1KHz.c...
compiling DSO_WaveProcess.c...
compiling list.c...
compiling event_groups.c...
compiling DSO_FirFilter_Step100KHz.c...
compiling queue.c...
compiling heap_4.c...
compiling tasks.c...
compiling port.c...
compiling timers.c...
compiling rt_Memory.c...
compiling diskio.c...
compiling ff.c...
compiling cpu_utils.c...
linking...
Program Size: Code=178168 RO-data=239404 RW-data=2664 ZI-data=125736  
FromELF: creating hex file...
After Build - User command #1: CopyHex_Flash.bat
D:\下载\基于FreeRTOS+STemWin+FatFS+ARM_DSP_Lib二代示波器\基于FreeRTOS+STemWin+FatFS+ARM_DSP_Lib二代示波器Demo\Project\MDK-ARM(uV4)>copy Flash\Obj\output.hex ..\output(mdk).hex 
已复制         1 个文件。
".\Flash\Obj\output.axf" - 0 Error(s), 0 Warning(s).
Build Time Elapsed:  00:01:03
</pre>
</body>
</html>
